******************************************************************************
                  TI ARM Linker PC v20.2.7                     
******************************************************************************
>> Linked Mon Feb 20 14:41:21 2023

OUTPUT FILE NAME:   <_Lab3_Robot-Interrupts.out>
ENTRY POINT SYMBOL: "_c_int00_noargs"  address: 00000b31


MEMORY CONFIGURATION

         name            origin    length      used     unused   attr    fill
----------------------  --------  ---------  --------  --------  ----  --------
  MAIN                  00000000   00040000  00000d5c  0003f2a4  R  X
  INFO                  00200000   00004000  00000000  00004000  R  X
  SRAM_CODE             01000000   00010000  0000021d  0000fde3  RW X
  SRAM_DATA             20000000   00010000  0000021d  0000fde3  RW  


SEGMENT ALLOCATION MAP

run origin  load origin   length   init length attrs members
----------  ----------- ---------- ----------- ----- -------
00000000    00000000    00000d60   00000d60    r-x
  00000000    00000000    000000e4   000000e4    r-- .intvecs
  000000e4    000000e4    00000ac8   00000ac8    r-x .text
  00000bac    00000bac    00000190   00000190    r-- .const
  00000d40    00000d40    00000020   00000020    r-- .cinit
20000000    20000000    0000001d   00000000    rw-
  20000000    20000000    0000001d   00000000    rw- .data
2000fe00    2000fe00    00000200   00000000    rw-
  2000fe00    2000fe00    00000200   00000000    rw- .stack


SECTION ALLOCATION MAP

 output                                  attributes/
section   page    origin      length       input sections
--------  ----  ----------  ----------   ----------------
.intvecs   0    00000000    000000e4     
                  00000000    000000e4     startup_msp432p401r_ccs.obj (.intvecs:retain)

.text      0    000000e4    00000ac8     
                  000000e4    00000334     system_msp432p401r.obj (.text)
                  00000418    000001e0     Clock.obj (.text)
                  000005f8    00000168     PeriodicSensing.obj (.text)
                  00000760    00000150     Reflectance.obj (.text)
                  000008b0    000000f8     LaunchPad.obj (.text)
                  000009a8    0000009c     rtsv7M4_T_le_v4SPD16_eabi.lib : memcpy_t2.asm.obj (.text)
                  00000a44    00000068                                   : copy_decompress_lzss.c.obj (.text:decompress:lzss:__TI_decompress_lzss)
                  00000aac    00000044                                   : autoinit.c.obj (.text:__TI_auto_init_nobinit_nopinit:__TI_auto_init_nobinit_nopinit)
                  00000af0    00000040     SysTickInts.obj (.text)
                  00000b30    00000034     rtsv7M4_T_le_v4SPD16_eabi.lib : boot_cortex_m.c.obj (.text:_c_int00_noargs:_c_int00_noargs)
                  00000b64    00000024     CortexM.obj (.text)
                  00000b88    0000000e     rtsv7M4_T_le_v4SPD16_eabi.lib : copy_decompress_none.c.obj (.text:decompress:none:__TI_decompress_none)
                  00000b96    0000000e     startup_msp432p401r_ccs.obj (.text)
                  00000ba4    00000004     rtsv7M4_T_le_v4SPD16_eabi.lib : pre_init.c.obj (.text:_system_pre_init)
                  00000ba8    00000004                                   : exit.c.obj (.text:abort:abort)

.const     0    00000bac    00000190     
                  00000bac    00000190     PeriodicSensing.obj (.const:$P$T0$1)

.cinit     0    00000d40    00000020     
                  00000d40    0000000d     (.cinit..data.load) [load image, compression = lzss]
                  00000d4d    00000003     --HOLE-- [fill = 0]
                  00000d50    00000008     (__TI_handler_table)
                  00000d58    00000008     (__TI_cinit_table)

.init_array 
*          0    00000000    00000000     UNINITIALIZED

.binit     0    00000000    00000000     

.data      0    20000000    0000001d     UNINITIALIZED
                  20000000    00000018     Clock.obj (.data)
                  20000018    00000004     system_msp432p401r.obj (.data)
                  2000001c    00000001     PeriodicSensing.obj (.data)

.stack     0    2000fe00    00000200     UNINITIALIZED
                  2000fe00    00000004     rtsv7M4_T_le_v4SPD16_eabi.lib : boot_cortex_m.c.obj (.stack)
                  2000fe04    000001fc     --HOLE--

__llvm_prf_cnts 
*          0    20000000    00000000     UNINITIALIZED

MODULE SUMMARY

       Module                        code   ro data   rw data
       ------                        ----   -------   -------
    .\
       system_msp432p401r.obj        820    0         8      
       PeriodicSensing.obj           360    400       2      
       Clock.obj                     480    0         48     
       Reflectance.obj               336    0         0      
       LaunchPad.obj                 248    0         0      
       startup_msp432p401r_ccs.obj   14     228       0      
       SysTickInts.obj               64     0         0      
       CortexM.obj                   36     0         0      
    +--+-----------------------------+------+---------+---------+
       Total:                        2358   628       58     
                                                             
    C:\ti\ccs1210\ccs\tools\compiler\ti-cgt-arm_20.2.7.LTS\lib\rtsv7M4_T_le_v4SPD16_eabi.lib
       memcpy_t2.asm.obj             156    0         0      
       copy_decompress_lzss.c.obj    104    0         0      
       autoinit.c.obj                68     0         0      
       boot_cortex_m.c.obj           52     0         0      
       copy_decompress_none.c.obj    14     0         0      
       exit.c.obj                    4      0         0      
       pre_init.c.obj                4      0         0      
    +--+-----------------------------+------+---------+---------+
       Total:                        402    0         0      
                                                             
       Stack:                        0      0         1024   
       Linker Generated:             0      29        0      
    +--+-----------------------------+------+---------+---------+
       Grand Total:                  2760   657       1082   


LINKER GENERATED COPY TABLES

__TI_cinit_table @ 00000d58 records: 1, size/record: 8, table size: 8
	.data: load addr=00000d40, load size=0000000d bytes, run addr=20000000, run size=0000001d bytes, compression=lzss


LINKER GENERATED HANDLER TABLE

__TI_handler_table @ 00000d50 records: 2, size/record: 4, table size: 8
	index: 0, handler: __TI_decompress_lzss
	index: 1, handler: __TI_decompress_none


GLOBAL SYMBOLS: SORTED ALPHABETICALLY BY Name 

address   name                          
-------   ----                          
00000ba3  ADC14_IRQHandler              
00000ba3  AES256_IRQHandler             
00000ba3  BusFault_Handler              
00000ba9  C$$EXIT                       
00000ba3  COMP_E0_IRQHandler            
00000ba3  COMP_E1_IRQHandler            
20000008  CPMwait                       
00000ba3  CS_IRQHandler                 
20000000  ClockFrequency                
0000056d  Clock_Delay1ms                
00000543  Clock_Delay1us                
0000052f  Clock_GetFreq                 
00000419  Clock_Init48MHz               
20000014  Crystalstable                 
00000ba3  DMA_ERR_IRQHandler            
00000ba3  DMA_INT0_IRQHandler           
00000ba3  DMA_INT1_IRQHandler           
00000ba3  DMA_INT2_IRQHandler           
00000ba3  DMA_INT3_IRQHandler           
00000ba3  DebugMon_Handler              
00000ba3  Default_Handler               
00000b65  DisableInterrupts             
00000ba3  EUSCIA0_IRQHandler            
00000ba3  EUSCIA1_IRQHandler            
00000ba3  EUSCIA2_IRQHandler            
00000ba3  EUSCIA3_IRQHandler            
00000ba3  EUSCIB0_IRQHandler            
00000ba3  EUSCIB1_IRQHandler            
00000ba3  EUSCIB2_IRQHandler            
00000ba3  EUSCIB3_IRQHandler            
00000b6b  EnableInterrupts              
00000b7b  EndCritical                   
00000ba3  FLCTL_IRQHandler              
00000ba3  FPU_IRQHandler                
00000ba3  HardFault_Handler             
20000010  IFlags                        
000008b1  LaunchPad_Init                
00000921  LaunchPad_Input               
0000093f  LaunchPad_LED                 
0000095d  LaunchPad_Output              
00000ba3  MemManage_Handler             
00000ba3  NMI_Handler                   
00000ba3  PCM_IRQHandler                
00000ba3  PORT1_IRQHandler              
00000ba3  PORT2_IRQHandler              
00000ba3  PORT3_IRQHandler              
00000ba3  PORT4_IRQHandler              
00000ba3  PORT5_IRQHandler              
00000ba3  PORT6_IRQHandler              
00000ba3  PSS_IRQHandler                
00000ba3  PendSV_Handler                
000005f9  Port2_Output                  
2000000c  Postwait                      
20000004  Prewait                       
00000ba3  RTC_C_IRQHandler              
00000853  Reflectance_End               
00000761  Reflectance_Init              
00000805  Reflectance_Start             
00000b97  Reset_Handler                 
00000ba3  SVC_Handler                   
00000b71  StartCritical                 
00000617  SysTick_Handler               
00000617  SysTick_Handler               
00000af1  SysTick_Init                  
20000018  SystemCoreClock               
000000e5  SystemCoreClockUpdate         
0000035d  SystemInit                    
00000ba3  T32_INT1_IRQHandler           
00000ba3  T32_INT2_IRQHandler           
00000ba3  T32_INTC_IRQHandler           
00000ba3  TA0_0_IRQHandler              
00000ba3  TA0_N_IRQHandler              
00000ba3  TA1_0_IRQHandler              
00000ba3  TA1_N_IRQHandler              
00000ba3  TA2_0_IRQHandler              
00000ba3  TA2_N_IRQHandler              
00000ba3  TA3_0_IRQHandler              
00000ba3  TA3_N_IRQHandler              
00000ba3  UsageFault_Handler            
4000480c  WDTCTL_SYM                    
00000ba3  WDT_A_IRQHandler              
00000b83  WaitForInterrupt              
20010000  __STACK_END                   
00000200  __STACK_SIZE                  
00000d58  __TI_CINIT_Base               
00000d60  __TI_CINIT_Limit              
00000d50  __TI_Handler_Table_Base       
00000d58  __TI_Handler_Table_Limit      
00000aad  __TI_auto_init_nobinit_nopinit
00000a45  __TI_decompress_lzss          
00000b89  __TI_decompress_none          
ffffffff  __TI_pprof_out_hndl           
ffffffff  __TI_prof_data_size           
ffffffff  __TI_prof_data_start          
00000000  __TI_static_base__            
000009a9  __aeabi_memcpy                
000009a9  __aeabi_memcpy4               
000009a9  __aeabi_memcpy8               
ffffffff  __binit__                     
ffffffff  __c_args__                    
UNDEFED   __mpu_init                    
2000fe00  __stack                       
20000000  __start___llvm_prf_cnts       
20000000  __stop___llvm_prf_cnts        
00000b31  _c_int00_noargs               
UNDEFED   _system_post_cinit            
00000ba5  _system_pre_init              
00000ba9  abort                         
ffffffff  binit                         
00000535  delay                         
00000000  interruptVectors              
000006b3  main                          
000009a9  memcpy                        
2000001c  sysTickCounter                


GLOBAL SYMBOLS: SORTED BY Symbol Address 

address   name                          
-------   ----                          
00000000  __TI_static_base__            
00000000  interruptVectors              
000000e5  SystemCoreClockUpdate         
00000200  __STACK_SIZE                  
0000035d  SystemInit                    
00000419  Clock_Init48MHz               
0000052f  Clock_GetFreq                 
00000535  delay                         
00000543  Clock_Delay1us                
0000056d  Clock_Delay1ms                
000005f9  Port2_Output                  
00000617  SysTick_Handler               
00000617  SysTick_Handler               
000006b3  main                          
00000761  Reflectance_Init              
00000805  Reflectance_Start             
00000853  Reflectance_End               
000008b1  LaunchPad_Init                
00000921  LaunchPad_Input               
0000093f  LaunchPad_LED                 
0000095d  LaunchPad_Output              
000009a9  __aeabi_memcpy                
000009a9  __aeabi_memcpy4               
000009a9  __aeabi_memcpy8               
000009a9  memcpy                        
00000a45  __TI_decompress_lzss          
00000aad  __TI_auto_init_nobinit_nopinit
00000af1  SysTick_Init                  
00000b31  _c_int00_noargs               
00000b65  DisableInterrupts             
00000b6b  EnableInterrupts              
00000b71  StartCritical                 
00000b7b  EndCritical                   
00000b83  WaitForInterrupt              
00000b89  __TI_decompress_none          
00000b97  Reset_Handler                 
00000ba3  ADC14_IRQHandler              
00000ba3  AES256_IRQHandler             
00000ba3  BusFault_Handler              
00000ba3  COMP_E0_IRQHandler            
00000ba3  COMP_E1_IRQHandler            
00000ba3  CS_IRQHandler                 
00000ba3  DMA_ERR_IRQHandler            
00000ba3  DMA_INT0_IRQHandler           
00000ba3  DMA_INT1_IRQHandler           
00000ba3  DMA_INT2_IRQHandler           
00000ba3  DMA_INT3_IRQHandler           
00000ba3  DebugMon_Handler              
00000ba3  Default_Handler               
00000ba3  EUSCIA0_IRQHandler            
00000ba3  EUSCIA1_IRQHandler            
00000ba3  EUSCIA2_IRQHandler            
00000ba3  EUSCIA3_IRQHandler            
00000ba3  EUSCIB0_IRQHandler            
00000ba3  EUSCIB1_IRQHandler            
00000ba3  EUSCIB2_IRQHandler            
00000ba3  EUSCIB3_IRQHandler            
00000ba3  FLCTL_IRQHandler              
00000ba3  FPU_IRQHandler                
00000ba3  HardFault_Handler             
00000ba3  MemManage_Handler             
00000ba3  NMI_Handler                   
00000ba3  PCM_IRQHandler                
00000ba3  PORT1_IRQHandler              
00000ba3  PORT2_IRQHandler              
00000ba3  PORT3_IRQHandler              
00000ba3  PORT4_IRQHandler              
00000ba3  PORT5_IRQHandler              
00000ba3  PORT6_IRQHandler              
00000ba3  PSS_IRQHandler                
00000ba3  PendSV_Handler                
00000ba3  RTC_C_IRQHandler              
00000ba3  SVC_Handler                   
00000ba3  T32_INT1_IRQHandler           
00000ba3  T32_INT2_IRQHandler           
00000ba3  T32_INTC_IRQHandler           
00000ba3  TA0_0_IRQHandler              
00000ba3  TA0_N_IRQHandler              
00000ba3  TA1_0_IRQHandler              
00000ba3  TA1_N_IRQHandler              
00000ba3  TA2_0_IRQHandler              
00000ba3  TA2_N_IRQHandler              
00000ba3  TA3_0_IRQHandler              
00000ba3  TA3_N_IRQHandler              
00000ba3  UsageFault_Handler            
00000ba3  WDT_A_IRQHandler              
00000ba5  _system_pre_init              
00000ba9  C$$EXIT                       
00000ba9  abort                         
00000d50  __TI_Handler_Table_Base       
00000d58  __TI_CINIT_Base               
00000d58  __TI_Handler_Table_Limit      
00000d60  __TI_CINIT_Limit              
20000000  ClockFrequency                
20000000  __start___llvm_prf_cnts       
20000000  __stop___llvm_prf_cnts        
20000004  Prewait                       
20000008  CPMwait                       
2000000c  Postwait                      
20000010  IFlags                        
20000014  Crystalstable                 
20000018  SystemCoreClock               
2000001c  sysTickCounter                
2000fe00  __stack                       
20010000  __STACK_END                   
4000480c  WDTCTL_SYM                    
ffffffff  __TI_pprof_out_hndl           
ffffffff  __TI_prof_data_size           
ffffffff  __TI_prof_data_start          
ffffffff  __binit__                     
ffffffff  __c_args__                    
ffffffff  binit                         
UNDEFED   __mpu_init                    
UNDEFED   _system_post_cinit            

[114 symbols]
