******************************************************************************
                  TI ARM Linker PC v20.2.7                     
******************************************************************************
>> Linked Mon Feb 20 15:20:49 2023

OUTPUT FILE NAME:   <_Lab3_Robot-Interrupts.out>
ENTRY POINT SYMBOL: "_c_int00_noargs"  address: 00000bb9


MEMORY CONFIGURATION

         name            origin    length      used     unused   attr    fill
----------------------  --------  ---------  --------  --------  ----  --------
  MAIN                  00000000   00040000  00000e18  0003f1e8  R  X
  INFO                  00200000   00004000  00000000  00004000  R  X
  SRAM_CODE             01000000   00010000  0000021e  0000fde2  RW X
  SRAM_DATA             20000000   00010000  0000021e  0000fde2  RW  


SEGMENT ALLOCATION MAP

run origin  load origin   length   init length attrs members
----------  ----------- ---------- ----------- ----- -------
00000000    00000000    00000e18   00000e18    r-x
  00000000    00000000    000000e4   000000e4    r-- .intvecs
  000000e4    000000e4    00000b6c   00000b6c    r-x .text
  00000c50    00000c50    00000190   00000190    r-- .const
  00000de0    00000de0    00000038   00000038    r-- .cinit
20000000    20000000    0000001e   00000000    rw-
  20000000    20000000    0000001d   00000000    rw- .data
  2000001d    2000001d    00000001   00000000    rw- .bss
2000fe00    2000fe00    00000200   00000000    rw-
  2000fe00    2000fe00    00000200   00000000    rw- .stack


SECTION ALLOCATION MAP

 output                                  attributes/
section   page    origin      length       input sections
--------  ----  ----------  ----------   ----------------
.intvecs   0    00000000    000000e4     
                  00000000    000000e4     startup_msp432p401r_ccs.obj (.intvecs:retain)

.text      0    000000e4    00000b6c     
                  000000e4    00000334     system_msp432p401r.obj (.text)
                  00000418    000001e0     Clock.obj (.text)
                  000005f8    00000184     PeriodicSensing.obj (.text)
                  0000077c    00000150     Reflectance.obj (.text)
                  000008cc    000000f8     LaunchPad.obj (.text)
                  000009c4    0000009c     rtsv7M4_T_le_v4SPD16_eabi.lib : memcpy_t2.asm.obj (.text)
                  00000a60    0000006c     Bump.obj (.text)
                  00000acc    00000068     rtsv7M4_T_le_v4SPD16_eabi.lib : copy_decompress_lzss.c.obj (.text:decompress:lzss:__TI_decompress_lzss)
                  00000b34    00000044                                   : autoinit.c.obj (.text:__TI_auto_init_nobinit_nopinit:__TI_auto_init_nobinit_nopinit)
                  00000b78    00000040     SysTickInts.obj (.text)
                  00000bb8    00000034     rtsv7M4_T_le_v4SPD16_eabi.lib : boot_cortex_m.c.obj (.text:_c_int00_noargs:_c_int00_noargs)
                  00000bec    00000024     CortexM.obj (.text)
                  00000c10    0000001c     rtsv7M4_T_le_v4SPD16_eabi.lib : copy_zero_init.c.obj (.text:decompress:ZI:__TI_zero_init_nomemset:__TI_zero_init_nomemset)
                  00000c2c    0000000e                                   : copy_decompress_none.c.obj (.text:decompress:none:__TI_decompress_none)
                  00000c3a    0000000e     startup_msp432p401r_ccs.obj (.text)
                  00000c48    00000004     rtsv7M4_T_le_v4SPD16_eabi.lib : pre_init.c.obj (.text:_system_pre_init)
                  00000c4c    00000004                                   : exit.c.obj (.text:abort:abort)

.const     0    00000c50    00000190     
                  00000c50    00000190     PeriodicSensing.obj (.const:$P$T0$1)

.cinit     0    00000de0    00000038     
                  00000de0    0000000d     (.cinit..data.load) [load image, compression = lzss]
                  00000ded    00000003     --HOLE-- [fill = 0]
                  00000df0    0000000c     (__TI_handler_table)
                  00000dfc    00000004     --HOLE-- [fill = 0]
                  00000e00    00000008     (.cinit..bss.load) [load image, compression = zero_init]
                  00000e08    00000010     (__TI_cinit_table)

.init_array 
*          0    00000000    00000000     UNINITIALIZED

.binit     0    00000000    00000000     

.data      0    20000000    0000001d     UNINITIALIZED
                  20000000    00000018     Clock.obj (.data)
                  20000018    00000004     system_msp432p401r.obj (.data)
                  2000001c    00000001     PeriodicSensing.obj (.data)

.bss       0    2000001d    00000001     UNINITIALIZED
                  2000001d    00000001     (.common:bumpResultSem)

.stack     0    2000fe00    00000200     UNINITIALIZED
                  2000fe00    00000004     rtsv7M4_T_le_v4SPD16_eabi.lib : boot_cortex_m.c.obj (.stack)
                  2000fe04    000001fc     --HOLE--

__llvm_prf_cnts 
*          0    20000000    00000000     UNINITIALIZED

MODULE SUMMARY

       Module                        code   ro data   rw data
       ------                        ----   -------   -------
    .\
       system_msp432p401r.obj        820    0         8      
       PeriodicSensing.obj           388    400       4      
       Clock.obj                     480    0         48     
       Reflectance.obj               336    0         0      
       LaunchPad.obj                 248    0         0      
       startup_msp432p401r_ccs.obj   14     228       0      
       Bump.obj                      108    0         0      
       SysTickInts.obj               64     0         0      
       CortexM.obj                   36     0         0      
    +--+-----------------------------+------+---------+---------+
       Total:                        2494   628       60     
                                                             
    C:\ti\ccs1210\ccs\tools\compiler\ti-cgt-arm_20.2.7.LTS\lib\rtsv7M4_T_le_v4SPD16_eabi.lib
       memcpy_t2.asm.obj             156    0         0      
       copy_decompress_lzss.c.obj    104    0         0      
       autoinit.c.obj                68     0         0      
       boot_cortex_m.c.obj           52     0         0      
       copy_zero_init.c.obj          28     0         0      
       copy_decompress_none.c.obj    14     0         0      
       exit.c.obj                    4      0         0      
       pre_init.c.obj                4      0         0      
    +--+-----------------------------+------+---------+---------+
       Total:                        430    0         0      
                                                             
       Stack:                        0      0         1024   
       Linker Generated:             0      49        0      
    +--+-----------------------------+------+---------+---------+
       Grand Total:                  2924   677       1084   


LINKER GENERATED COPY TABLES

__TI_cinit_table @ 00000e08 records: 2, size/record: 8, table size: 16
	.data: load addr=00000de0, load size=0000000d bytes, run addr=20000000, run size=0000001d bytes, compression=lzss
	.bss: load addr=00000e00, load size=00000008 bytes, run addr=2000001d, run size=00000001 bytes, compression=zero_init


LINKER GENERATED HANDLER TABLE

__TI_handler_table @ 00000df0 records: 3, size/record: 4, table size: 12
	index: 0, handler: __TI_decompress_lzss
	index: 1, handler: __TI_decompress_none
	index: 2, handler: __TI_zero_init


GLOBAL SYMBOLS: SORTED ALPHABETICALLY BY Name 

address   name                          
-------   ----                          
00000c47  ADC14_IRQHandler              
00000c47  AES256_IRQHandler             
00000a61  Bump_Init                     
00000aab  Bump_Read                     
00000c47  BusFault_Handler              
00000c4d  C$$EXIT                       
00000c47  COMP_E0_IRQHandler            
00000c47  COMP_E1_IRQHandler            
20000008  CPMwait                       
00000c47  CS_IRQHandler                 
20000000  ClockFrequency                
0000056d  Clock_Delay1ms                
00000543  Clock_Delay1us                
0000052f  Clock_GetFreq                 
00000419  Clock_Init48MHz               
20000014  Crystalstable                 
00000c47  DMA_ERR_IRQHandler            
00000c47  DMA_INT0_IRQHandler           
00000c47  DMA_INT1_IRQHandler           
00000c47  DMA_INT2_IRQHandler           
00000c47  DMA_INT3_IRQHandler           
00000c47  DebugMon_Handler              
00000c47  Default_Handler               
00000bed  DisableInterrupts             
00000c47  EUSCIA0_IRQHandler            
00000c47  EUSCIA1_IRQHandler            
00000c47  EUSCIA2_IRQHandler            
00000c47  EUSCIA3_IRQHandler            
00000c47  EUSCIB0_IRQHandler            
00000c47  EUSCIB1_IRQHandler            
00000c47  EUSCIB2_IRQHandler            
00000c47  EUSCIB3_IRQHandler            
00000bf3  EnableInterrupts              
00000c03  EndCritical                   
00000c47  FLCTL_IRQHandler              
00000c47  FPU_IRQHandler                
00000c47  HardFault_Handler             
20000010  IFlags                        
000008cd  LaunchPad_Init                
0000093d  LaunchPad_Input               
0000095b  LaunchPad_LED                 
00000979  LaunchPad_Output              
00000c47  MemManage_Handler             
00000c47  NMI_Handler                   
00000c47  PCM_IRQHandler                
00000c47  PORT1_IRQHandler              
00000c47  PORT2_IRQHandler              
00000c47  PORT3_IRQHandler              
00000c47  PORT4_IRQHandler              
00000c47  PORT5_IRQHandler              
00000c47  PORT6_IRQHandler              
00000c47  PSS_IRQHandler                
00000c47  PendSV_Handler                
000005f9  Port2_Output                  
2000000c  Postwait                      
20000004  Prewait                       
00000c47  RTC_C_IRQHandler              
0000086f  Reflectance_End               
0000077d  Reflectance_Init              
00000821  Reflectance_Start             
00000c3b  Reset_Handler                 
00000c47  SVC_Handler                   
00000bf9  StartCritical                 
00000617  SysTick_Handler               
00000617  SysTick_Handler               
00000b79  SysTick_Init                  
20000018  SystemCoreClock               
000000e5  SystemCoreClockUpdate         
0000035d  SystemInit                    
00000c47  T32_INT1_IRQHandler           
00000c47  T32_INT2_IRQHandler           
00000c47  T32_INTC_IRQHandler           
00000c47  TA0_0_IRQHandler              
00000c47  TA0_N_IRQHandler              
00000c47  TA1_0_IRQHandler              
00000c47  TA1_N_IRQHandler              
00000c47  TA2_0_IRQHandler              
00000c47  TA2_N_IRQHandler              
00000c47  TA3_0_IRQHandler              
00000c47  TA3_N_IRQHandler              
00000c47  UsageFault_Handler            
4000480c  WDTCTL_SYM                    
00000c47  WDT_A_IRQHandler              
00000c0b  WaitForInterrupt              
20010000  __STACK_END                   
00000200  __STACK_SIZE                  
00000e08  __TI_CINIT_Base               
00000e18  __TI_CINIT_Limit              
00000df0  __TI_Handler_Table_Base       
00000dfc  __TI_Handler_Table_Limit      
00000b35  __TI_auto_init_nobinit_nopinit
00000acd  __TI_decompress_lzss          
00000c2d  __TI_decompress_none          
ffffffff  __TI_pprof_out_hndl           
ffffffff  __TI_prof_data_size           
ffffffff  __TI_prof_data_start          
00000000  __TI_static_base__            
00000c11  __TI_zero_init_nomemset       
000009c5  __aeabi_memcpy                
000009c5  __aeabi_memcpy4               
000009c5  __aeabi_memcpy8               
ffffffff  __binit__                     
ffffffff  __c_args__                    
UNDEFED   __mpu_init                    
2000fe00  __stack                       
20000000  __start___llvm_prf_cnts       
20000000  __stop___llvm_prf_cnts        
00000bb9  _c_int00_noargs               
UNDEFED   _system_post_cinit            
00000c49  _system_pre_init              
00000c4d  abort                         
ffffffff  binit                         
2000001d  bumpResultSem                 
00000535  delay                         
00000000  interruptVectors              
000006c5  main                          
000009c5  memcpy                        
2000001c  sysTickCounter                


GLOBAL SYMBOLS: SORTED BY Symbol Address 

address   name                          
-------   ----                          
00000000  __TI_static_base__            
00000000  interruptVectors              
000000e5  SystemCoreClockUpdate         
00000200  __STACK_SIZE                  
0000035d  SystemInit                    
00000419  Clock_Init48MHz               
0000052f  Clock_GetFreq                 
00000535  delay                         
00000543  Clock_Delay1us                
0000056d  Clock_Delay1ms                
000005f9  Port2_Output                  
00000617  SysTick_Handler               
00000617  SysTick_Handler               
000006c5  main                          
0000077d  Reflectance_Init              
00000821  Reflectance_Start             
0000086f  Reflectance_End               
000008cd  LaunchPad_Init                
0000093d  LaunchPad_Input               
0000095b  LaunchPad_LED                 
00000979  LaunchPad_Output              
000009c5  __aeabi_memcpy                
000009c5  __aeabi_memcpy4               
000009c5  __aeabi_memcpy8               
000009c5  memcpy                        
00000a61  Bump_Init                     
00000aab  Bump_Read                     
00000acd  __TI_decompress_lzss          
00000b35  __TI_auto_init_nobinit_nopinit
00000b79  SysTick_Init                  
00000bb9  _c_int00_noargs               
00000bed  DisableInterrupts             
00000bf3  EnableInterrupts              
00000bf9  StartCritical                 
00000c03  EndCritical                   
00000c0b  WaitForInterrupt              
00000c11  __TI_zero_init_nomemset       
00000c2d  __TI_decompress_none          
00000c3b  Reset_Handler                 
00000c47  ADC14_IRQHandler              
00000c47  AES256_IRQHandler             
00000c47  BusFault_Handler              
00000c47  COMP_E0_IRQHandler            
00000c47  COMP_E1_IRQHandler            
00000c47  CS_IRQHandler                 
00000c47  DMA_ERR_IRQHandler            
00000c47  DMA_INT0_IRQHandler           
00000c47  DMA_INT1_IRQHandler           
00000c47  DMA_INT2_IRQHandler           
00000c47  DMA_INT3_IRQHandler           
00000c47  DebugMon_Handler              
00000c47  Default_Handler               
00000c47  EUSCIA0_IRQHandler            
00000c47  EUSCIA1_IRQHandler            
00000c47  EUSCIA2_IRQHandler            
00000c47  EUSCIA3_IRQHandler            
00000c47  EUSCIB0_IRQHandler            
00000c47  EUSCIB1_IRQHandler            
00000c47  EUSCIB2_IRQHandler            
00000c47  EUSCIB3_IRQHandler            
00000c47  FLCTL_IRQHandler              
00000c47  FPU_IRQHandler                
00000c47  HardFault_Handler             
00000c47  MemManage_Handler             
00000c47  NMI_Handler                   
00000c47  PCM_IRQHandler                
00000c47  PORT1_IRQHandler              
00000c47  PORT2_IRQHandler              
00000c47  PORT3_IRQHandler              
00000c47  PORT4_IRQHandler              
00000c47  PORT5_IRQHandler              
00000c47  PORT6_IRQHandler              
00000c47  PSS_IRQHandler                
00000c47  PendSV_Handler                
00000c47  RTC_C_IRQHandler              
00000c47  SVC_Handler                   
00000c47  T32_INT1_IRQHandler           
00000c47  T32_INT2_IRQHandler           
00000c47  T32_INTC_IRQHandler           
00000c47  TA0_0_IRQHandler              
00000c47  TA0_N_IRQHandler              
00000c47  TA1_0_IRQHandler              
00000c47  TA1_N_IRQHandler              
00000c47  TA2_0_IRQHandler              
00000c47  TA2_N_IRQHandler              
00000c47  TA3_0_IRQHandler              
00000c47  TA3_N_IRQHandler              
00000c47  UsageFault_Handler            
00000c47  WDT_A_IRQHandler              
00000c49  _system_pre_init              
00000c4d  C$$EXIT                       
00000c4d  abort                         
00000df0  __TI_Handler_Table_Base       
00000dfc  __TI_Handler_Table_Limit      
00000e08  __TI_CINIT_Base               
00000e18  __TI_CINIT_Limit              
20000000  ClockFrequency                
20000000  __start___llvm_prf_cnts       
20000000  __stop___llvm_prf_cnts        
20000004  Prewait                       
20000008  CPMwait                       
2000000c  Postwait                      
20000010  IFlags                        
20000014  Crystalstable                 
20000018  SystemCoreClock               
2000001c  sysTickCounter                
2000001d  bumpResultSem                 
2000fe00  __stack                       
20010000  __STACK_END                   
4000480c  WDTCTL_SYM                    
ffffffff  __TI_pprof_out_hndl           
ffffffff  __TI_prof_data_size           
ffffffff  __TI_prof_data_start          
ffffffff  __binit__                     
ffffffff  __c_args__                    
ffffffff  binit                         
UNDEFED   __mpu_init                    
UNDEFED   _system_post_cinit            

[118 symbols]
