******************************************************************************
                  TI ARM Linker PC v20.2.7                     
******************************************************************************
>> Linked Mon Feb 13 14:00:36 2023

OUTPUT FILE NAME:   <_assignment_7-PeriodicSysTickInt_mine.out>
ENTRY POINT SYMBOL: "_c_int00_noargs"  address: 000008f1


MEMORY CONFIGURATION

         name            origin    length      used     unused   attr    fill
----------------------  --------  ---------  --------  --------  ----  --------
  MAIN                  00000000   00040000  000009c0  0003f640  R  X
  INFO                  00200000   00004000  00000000  00004000  R  X
  SRAM_CODE             01000000   00010000  00000224  0000fddc  RW X
  SRAM_DATA             20000000   00010000  00000224  0000fddc  RW  


SEGMENT ALLOCATION MAP

run origin  load origin   length   init length attrs members
----------  ----------- ---------- ----------- ----- -------
00000000    00000000    000009c0   000009c0    r-x
  00000000    00000000    000000e4   000000e4    r-- .intvecs
  000000e4    000000e4    000008a4   000008a4    r-x .text
  00000988    00000988    00000038   00000038    r-- .cinit
20000000    20000000    00000024   00000000    rw-
  20000000    20000000    0000001c   00000000    rw- .data
  2000001c    2000001c    00000008   00000000    rw- .bss
2000fe00    2000fe00    00000200   00000000    rw-
  2000fe00    2000fe00    00000200   00000000    rw- .stack


SECTION ALLOCATION MAP

 output                                  attributes/
section   page    origin      length       input sections
--------  ----  ----------  ----------   ----------------
.intvecs   0    00000000    000000e4     
                  00000000    000000e4     startup_msp432p401r_ccs.obj (.intvecs:retain)

.text      0    000000e4    000008a4     
                  000000e4    00000334     system_msp432p401r.obj (.text)
                  00000418    000001e0     Clock.obj (.text)
                  000005f8    000000f8     LaunchPad.obj (.text)
                  000006f0    0000009c     rtsv7M4_T_le_v4SPD16_eabi.lib : memcpy_t2.asm.obj (.text)
                  0000078c    00000078     PeriodicSysTickIntsMain.obj (.text)
                  00000804    00000068     rtsv7M4_T_le_v4SPD16_eabi.lib : copy_decompress_lzss.c.obj (.text:decompress:lzss:__TI_decompress_lzss)
                  0000086c    00000044                                   : autoinit.c.obj (.text:__TI_auto_init_nobinit_nopinit:__TI_auto_init_nobinit_nopinit)
                  000008b0    00000040     SysTickInts.obj (.text)
                  000008f0    00000034     rtsv7M4_T_le_v4SPD16_eabi.lib : boot_cortex_m.c.obj (.text:_c_int00_noargs:_c_int00_noargs)
                  00000924    00000024     CortexM.obj (.text)
                  00000948    0000001c     rtsv7M4_T_le_v4SPD16_eabi.lib : copy_zero_init.c.obj (.text:decompress:ZI:__TI_zero_init_nomemset:__TI_zero_init_nomemset)
                  00000964    0000000e                                   : copy_decompress_none.c.obj (.text:decompress:none:__TI_decompress_none)
                  00000972    0000000e     startup_msp432p401r_ccs.obj (.text)
                  00000980    00000004     rtsv7M4_T_le_v4SPD16_eabi.lib : pre_init.c.obj (.text:_system_pre_init)
                  00000984    00000004                                   : exit.c.obj (.text:abort:abort)

.cinit     0    00000988    00000038     
                  00000988    0000000d     (.cinit..data.load) [load image, compression = lzss]
                  00000995    00000003     --HOLE-- [fill = 0]
                  00000998    0000000c     (__TI_handler_table)
                  000009a4    00000004     --HOLE-- [fill = 0]
                  000009a8    00000008     (.cinit..bss.load) [load image, compression = zero_init]
                  000009b0    00000010     (__TI_cinit_table)

.init_array 
*          0    00000000    00000000     UNINITIALIZED

.binit     0    00000000    00000000     

.data      0    20000000    0000001c     UNINITIALIZED
                  20000000    00000018     Clock.obj (.data)
                  20000018    00000004     system_msp432p401r.obj (.data)

.bss       0    2000001c    00000008     UNINITIALIZED
                  2000001c    00000004     (.common:MainCount)
                  20000020    00000004     (.common:Time)

.stack     0    2000fe00    00000200     UNINITIALIZED
                  2000fe00    00000004     rtsv7M4_T_le_v4SPD16_eabi.lib : boot_cortex_m.c.obj (.stack)
                  2000fe04    000001fc     --HOLE--

__llvm_prf_cnts 
*          0    20000000    00000000     UNINITIALIZED

MODULE SUMMARY

       Module                        code   ro data   rw data
       ------                        ----   -------   -------
    .\
       system_msp432p401r.obj        820    0         8      
       Clock.obj                     480    0         48     
       LaunchPad.obj                 248    0         0      
       startup_msp432p401r_ccs.obj   14     228       0      
       PeriodicSysTickIntsMain.obj   120    0         16     
       SysTickInts.obj               64     0         0      
       CortexM.obj                   36     0         0      
    +--+-----------------------------+------+---------+---------+
       Total:                        1782   228       72     
                                                             
    C:\ti\ccs1210\ccs\tools\compiler\ti-cgt-arm_20.2.7.LTS\lib\rtsv7M4_T_le_v4SPD16_eabi.lib
       memcpy_t2.asm.obj             156    0         0      
       copy_decompress_lzss.c.obj    104    0         0      
       autoinit.c.obj                68     0         0      
       boot_cortex_m.c.obj           52     0         0      
       copy_zero_init.c.obj          28     0         0      
       copy_decompress_none.c.obj    14     0         0      
       exit.c.obj                    4      0         0      
       pre_init.c.obj                4      0         0      
    +--+-----------------------------+------+---------+---------+
       Total:                        430    0         0      
                                                             
       Stack:                        0      0         1024   
       Linker Generated:             0      49        0      
    +--+-----------------------------+------+---------+---------+
       Grand Total:                  2212   277       1096   


LINKER GENERATED COPY TABLES

__TI_cinit_table @ 000009b0 records: 2, size/record: 8, table size: 16
	.data: load addr=00000988, load size=0000000d bytes, run addr=20000000, run size=0000001c bytes, compression=lzss
	.bss: load addr=000009a8, load size=00000008 bytes, run addr=2000001c, run size=00000008 bytes, compression=zero_init


LINKER GENERATED HANDLER TABLE

__TI_handler_table @ 00000998 records: 3, size/record: 4, table size: 12
	index: 0, handler: __TI_decompress_lzss
	index: 1, handler: __TI_decompress_none
	index: 2, handler: __TI_zero_init


GLOBAL SYMBOLS: SORTED ALPHABETICALLY BY Name 

address   name                          
-------   ----                          
0000097f  ADC14_IRQHandler              
0000097f  AES256_IRQHandler             
0000097f  BusFault_Handler              
00000985  C$$EXIT                       
0000097f  COMP_E0_IRQHandler            
0000097f  COMP_E1_IRQHandler            
20000008  CPMwait                       
0000097f  CS_IRQHandler                 
20000000  ClockFrequency                
0000056d  Clock_Delay1ms                
00000543  Clock_Delay1us                
0000052f  Clock_GetFreq                 
00000419  Clock_Init48MHz               
20000014  Crystalstable                 
0000097f  DMA_ERR_IRQHandler            
0000097f  DMA_INT0_IRQHandler           
0000097f  DMA_INT1_IRQHandler           
0000097f  DMA_INT2_IRQHandler           
0000097f  DMA_INT3_IRQHandler           
0000097f  DebugMon_Handler              
0000097f  Default_Handler               
00000925  DisableInterrupts             
0000097f  EUSCIA0_IRQHandler            
0000097f  EUSCIA1_IRQHandler            
0000097f  EUSCIA2_IRQHandler            
0000097f  EUSCIA3_IRQHandler            
0000097f  EUSCIB0_IRQHandler            
0000097f  EUSCIB1_IRQHandler            
0000097f  EUSCIB2_IRQHandler            
0000097f  EUSCIB3_IRQHandler            
0000092b  EnableInterrupts              
0000093b  EndCritical                   
0000097f  FLCTL_IRQHandler              
0000097f  FPU_IRQHandler                
0000097f  HardFault_Handler             
20000010  IFlags                        
000005f9  LaunchPad_Init                
00000669  LaunchPad_Input               
00000687  LaunchPad_LED                 
000006a5  LaunchPad_Output              
2000001c  MainCount                     
0000097f  MemManage_Handler             
0000097f  NMI_Handler                   
0000097f  PCM_IRQHandler                
0000097f  PORT1_IRQHandler              
0000097f  PORT2_IRQHandler              
0000097f  PORT3_IRQHandler              
0000097f  PORT4_IRQHandler              
0000097f  PORT5_IRQHandler              
0000097f  PORT6_IRQHandler              
0000097f  PSS_IRQHandler                
0000097f  PendSV_Handler                
2000000c  Postwait                      
20000004  Prewait                       
0000097f  RTC_C_IRQHandler              
00000973  Reset_Handler                 
0000097f  SVC_Handler                   
00000931  StartCritical                 
0000078d  SysTick_Handler               
0000078d  SysTick_Handler               
000008b1  SysTick_Init                  
20000018  SystemCoreClock               
000000e5  SystemCoreClockUpdate         
0000035d  SystemInit                    
0000097f  T32_INT1_IRQHandler           
0000097f  T32_INT2_IRQHandler           
0000097f  T32_INTC_IRQHandler           
0000097f  TA0_0_IRQHandler              
0000097f  TA0_N_IRQHandler              
0000097f  TA1_0_IRQHandler              
0000097f  TA1_N_IRQHandler              
0000097f  TA2_0_IRQHandler              
0000097f  TA2_N_IRQHandler              
0000097f  TA3_0_IRQHandler              
0000097f  TA3_N_IRQHandler              
20000020  Time                          
0000097f  UsageFault_Handler            
4000480c  WDTCTL_SYM                    
0000097f  WDT_A_IRQHandler              
00000943  WaitForInterrupt              
20010000  __STACK_END                   
00000200  __STACK_SIZE                  
000009b0  __TI_CINIT_Base               
000009c0  __TI_CINIT_Limit              
00000998  __TI_Handler_Table_Base       
000009a4  __TI_Handler_Table_Limit      
0000086d  __TI_auto_init_nobinit_nopinit
00000805  __TI_decompress_lzss          
00000965  __TI_decompress_none          
ffffffff  __TI_pprof_out_hndl           
ffffffff  __TI_prof_data_size           
ffffffff  __TI_prof_data_start          
00000000  __TI_static_base__            
00000949  __TI_zero_init_nomemset       
000006f1  __aeabi_memcpy                
000006f1  __aeabi_memcpy4               
000006f1  __aeabi_memcpy8               
ffffffff  __binit__                     
ffffffff  __c_args__                    
UNDEFED   __mpu_init                    
2000fe00  __stack                       
20000000  __start___llvm_prf_cnts       
20000000  __stop___llvm_prf_cnts        
000008f1  _c_int00_noargs               
UNDEFED   _system_post_cinit            
00000981  _system_pre_init              
00000985  abort                         
ffffffff  binit                         
00000535  delay                         
00000000  interruptVectors              
000007b7  main                          
000006f1  memcpy                        


GLOBAL SYMBOLS: SORTED BY Symbol Address 

address   name                          
-------   ----                          
00000000  __TI_static_base__            
00000000  interruptVectors              
000000e5  SystemCoreClockUpdate         
00000200  __STACK_SIZE                  
0000035d  SystemInit                    
00000419  Clock_Init48MHz               
0000052f  Clock_GetFreq                 
00000535  delay                         
00000543  Clock_Delay1us                
0000056d  Clock_Delay1ms                
000005f9  LaunchPad_Init                
00000669  LaunchPad_Input               
00000687  LaunchPad_LED                 
000006a5  LaunchPad_Output              
000006f1  __aeabi_memcpy                
000006f1  __aeabi_memcpy4               
000006f1  __aeabi_memcpy8               
000006f1  memcpy                        
0000078d  SysTick_Handler               
0000078d  SysTick_Handler               
000007b7  main                          
00000805  __TI_decompress_lzss          
0000086d  __TI_auto_init_nobinit_nopinit
000008b1  SysTick_Init                  
000008f1  _c_int00_noargs               
00000925  DisableInterrupts             
0000092b  EnableInterrupts              
00000931  StartCritical                 
0000093b  EndCritical                   
00000943  WaitForInterrupt              
00000949  __TI_zero_init_nomemset       
00000965  __TI_decompress_none          
00000973  Reset_Handler                 
0000097f  ADC14_IRQHandler              
0000097f  AES256_IRQHandler             
0000097f  BusFault_Handler              
0000097f  COMP_E0_IRQHandler            
0000097f  COMP_E1_IRQHandler            
0000097f  CS_IRQHandler                 
0000097f  DMA_ERR_IRQHandler            
0000097f  DMA_INT0_IRQHandler           
0000097f  DMA_INT1_IRQHandler           
0000097f  DMA_INT2_IRQHandler           
0000097f  DMA_INT3_IRQHandler           
0000097f  DebugMon_Handler              
0000097f  Default_Handler               
0000097f  EUSCIA0_IRQHandler            
0000097f  EUSCIA1_IRQHandler            
0000097f  EUSCIA2_IRQHandler            
0000097f  EUSCIA3_IRQHandler            
0000097f  EUSCIB0_IRQHandler            
0000097f  EUSCIB1_IRQHandler            
0000097f  EUSCIB2_IRQHandler            
0000097f  EUSCIB3_IRQHandler            
0000097f  FLCTL_IRQHandler              
0000097f  FPU_IRQHandler                
0000097f  HardFault_Handler             
0000097f  MemManage_Handler             
0000097f  NMI_Handler                   
0000097f  PCM_IRQHandler                
0000097f  PORT1_IRQHandler              
0000097f  PORT2_IRQHandler              
0000097f  PORT3_IRQHandler              
0000097f  PORT4_IRQHandler              
0000097f  PORT5_IRQHandler              
0000097f  PORT6_IRQHandler              
0000097f  PSS_IRQHandler                
0000097f  PendSV_Handler                
0000097f  RTC_C_IRQHandler              
0000097f  SVC_Handler                   
0000097f  T32_INT1_IRQHandler           
0000097f  T32_INT2_IRQHandler           
0000097f  T32_INTC_IRQHandler           
0000097f  TA0_0_IRQHandler              
0000097f  TA0_N_IRQHandler              
0000097f  TA1_0_IRQHandler              
0000097f  TA1_N_IRQHandler              
0000097f  TA2_0_IRQHandler              
0000097f  TA2_N_IRQHandler              
0000097f  TA3_0_IRQHandler              
0000097f  TA3_N_IRQHandler              
0000097f  UsageFault_Handler            
0000097f  WDT_A_IRQHandler              
00000981  _system_pre_init              
00000985  C$$EXIT                       
00000985  abort                         
00000998  __TI_Handler_Table_Base       
000009a4  __TI_Handler_Table_Limit      
000009b0  __TI_CINIT_Base               
000009c0  __TI_CINIT_Limit              
20000000  ClockFrequency                
20000000  __start___llvm_prf_cnts       
20000000  __stop___llvm_prf_cnts        
20000004  Prewait                       
20000008  CPMwait                       
2000000c  Postwait                      
20000010  IFlags                        
20000014  Crystalstable                 
20000018  SystemCoreClock               
2000001c  MainCount                     
20000020  Time                          
2000fe00  __stack                       
20010000  __STACK_END                   
4000480c  WDTCTL_SYM                    
ffffffff  __TI_pprof_out_hndl           
ffffffff  __TI_prof_data_size           
ffffffff  __TI_prof_data_start          
ffffffff  __binit__                     
ffffffff  __c_args__                    
ffffffff  binit                         
UNDEFED   __mpu_init                    
UNDEFED   _system_post_cinit            

[112 symbols]
