******************************************************************************
                  TI ARM Linker PC v20.2.7                     
******************************************************************************
>> Linked Sat Feb 11 07:33:00 2023

OUTPUT FILE NAME:   <_assignment_7-PeriodicSysTickInt_mine.out>
ENTRY POINT SYMBOL: "_c_int00_noargs"  address: 00000935


MEMORY CONFIGURATION

         name            origin    length      used     unused   attr    fill
----------------------  --------  ---------  --------  --------  ----  --------
  MAIN                  00000000   00040000  00000a0c  0003f5f4  R  X
  INFO                  00200000   00004000  00000000  00004000  R  X
  SRAM_CODE             01000000   00010000  0000022c  0000fdd4  RW X
  SRAM_DATA             20000000   00010000  0000022c  0000fdd4  RW  


SEGMENT ALLOCATION MAP

run origin  load origin   length   init length attrs members
----------  ----------- ---------- ----------- ----- -------
00000000    00000000    00000a10   00000a10    r-x
  00000000    00000000    000000e4   000000e4    r-- .intvecs
  000000e4    000000e4    000008e8   000008e8    r-x .text
  000009d0    000009d0    00000040   00000040    r-- .cinit
20000000    20000000    0000002c   00000000    rw-
  20000000    20000000    00000024   00000000    rw- .data
  20000024    20000024    00000008   00000000    rw- .bss
2000fe00    2000fe00    00000200   00000000    rw-
  2000fe00    2000fe00    00000200   00000000    rw- .stack


SECTION ALLOCATION MAP

 output                                  attributes/
section   page    origin      length       input sections
--------  ----  ----------  ----------   ----------------
.intvecs   0    00000000    000000e4     
                  00000000    000000e4     startup_msp432p401r_ccs.obj (.intvecs:retain)

.text      0    000000e4    000008e8     
                  000000e4    00000334     system_msp432p401r.obj (.text)
                  00000418    000001e0     Clock.obj (.text)
                  000005f8    000000f8     LaunchPad.obj (.text)
                  000006f0    000000bc     PeriodicSysTickIntsMain.obj (.text)
                  000007ac    0000009c     rtsv7M4_T_le_v4SPD16_eabi.lib : memcpy_t2.asm.obj (.text)
                  00000848    00000068                                   : copy_decompress_lzss.c.obj (.text:decompress:lzss:__TI_decompress_lzss)
                  000008b0    00000044                                   : autoinit.c.obj (.text:__TI_auto_init_nobinit_nopinit:__TI_auto_init_nobinit_nopinit)
                  000008f4    00000040     SysTickInts.obj (.text)
                  00000934    00000034     rtsv7M4_T_le_v4SPD16_eabi.lib : boot_cortex_m.c.obj (.text:_c_int00_noargs:_c_int00_noargs)
                  00000968    00000024     CortexM.obj (.text)
                  0000098c    0000001c     rtsv7M4_T_le_v4SPD16_eabi.lib : copy_zero_init.c.obj (.text:decompress:ZI:__TI_zero_init_nomemset:__TI_zero_init_nomemset)
                  000009a8    0000000e                                   : copy_decompress_none.c.obj (.text:decompress:none:__TI_decompress_none)
                  000009b6    0000000e     startup_msp432p401r_ccs.obj (.text)
                  000009c4    00000004     rtsv7M4_T_le_v4SPD16_eabi.lib : pre_init.c.obj (.text:_system_pre_init)
                  000009c8    00000004                                   : exit.c.obj (.text:abort:abort)

.cinit     0    000009d0    00000040     
                  000009d0    00000016     (.cinit..data.load) [load image, compression = lzss]
                  000009e6    00000002     --HOLE-- [fill = 0]
                  000009e8    0000000c     (__TI_handler_table)
                  000009f4    00000004     --HOLE-- [fill = 0]
                  000009f8    00000008     (.cinit..bss.load) [load image, compression = zero_init]
                  00000a00    00000010     (__TI_cinit_table)

.init_array 
*          0    00000000    00000000     UNINITIALIZED

.binit     0    00000000    00000000     

.data      0    20000000    00000024     UNINITIALIZED
                  20000000    00000018     Clock.obj (.data)
                  20000018    00000008     PeriodicSysTickIntsMain.obj (.data)
                  20000020    00000004     system_msp432p401r.obj (.data)

.bss       0    20000024    00000008     UNINITIALIZED
                  20000024    00000004     (.common:MainCount)
                  20000028    00000004     (.common:Time)

.stack     0    2000fe00    00000200     UNINITIALIZED
                  2000fe00    00000004     rtsv7M4_T_le_v4SPD16_eabi.lib : boot_cortex_m.c.obj (.stack)
                  2000fe04    000001fc     --HOLE--

__llvm_prf_cnts 
*          0    20000000    00000000     UNINITIALIZED

MODULE SUMMARY

       Module                        code   ro data   rw data
       ------                        ----   -------   -------
    .\
       system_msp432p401r.obj        820    0         8      
       Clock.obj                     480    0         48     
       LaunchPad.obj                 248    0         0      
       startup_msp432p401r_ccs.obj   14     228       0      
       PeriodicSysTickIntsMain.obj   188    0         32     
       SysTickInts.obj               64     0         0      
       CortexM.obj                   36     0         0      
    +--+-----------------------------+------+---------+---------+
       Total:                        1850   228       88     
                                                             
    C:\ti\ccs1210\ccs\tools\compiler\ti-cgt-arm_20.2.7.LTS\lib\rtsv7M4_T_le_v4SPD16_eabi.lib
       memcpy_t2.asm.obj             156    0         0      
       copy_decompress_lzss.c.obj    104    0         0      
       autoinit.c.obj                68     0         0      
       boot_cortex_m.c.obj           52     0         0      
       copy_zero_init.c.obj          28     0         0      
       copy_decompress_none.c.obj    14     0         0      
       exit.c.obj                    4      0         0      
       pre_init.c.obj                4      0         0      
    +--+-----------------------------+------+---------+---------+
       Total:                        430    0         0      
                                                             
       Stack:                        0      0         1024   
       Linker Generated:             0      58        0      
    +--+-----------------------------+------+---------+---------+
       Grand Total:                  2280   286       1112   


LINKER GENERATED COPY TABLES

__TI_cinit_table @ 00000a00 records: 2, size/record: 8, table size: 16
	.data: load addr=000009d0, load size=00000016 bytes, run addr=20000000, run size=00000024 bytes, compression=lzss
	.bss: load addr=000009f8, load size=00000008 bytes, run addr=20000024, run size=00000008 bytes, compression=zero_init


LINKER GENERATED HANDLER TABLE

__TI_handler_table @ 000009e8 records: 3, size/record: 4, table size: 12
	index: 0, handler: __TI_decompress_lzss
	index: 1, handler: __TI_decompress_none
	index: 2, handler: __TI_zero_init


GLOBAL SYMBOLS: SORTED ALPHABETICALLY BY Name 

address   name                          
-------   ----                          
000009c3  ADC14_IRQHandler              
000009c3  AES256_IRQHandler             
000009c3  BusFault_Handler              
000009c9  C$$EXIT                       
000009c3  COMP_E0_IRQHandler            
000009c3  COMP_E1_IRQHandler            
20000008  CPMwait                       
000009c3  CS_IRQHandler                 
20000000  ClockFrequency                
0000056d  Clock_Delay1ms                
00000543  Clock_Delay1us                
0000052f  Clock_GetFreq                 
00000419  Clock_Init48MHz               
20000014  Crystalstable                 
000009c3  DMA_ERR_IRQHandler            
000009c3  DMA_INT0_IRQHandler           
000009c3  DMA_INT1_IRQHandler           
000009c3  DMA_INT2_IRQHandler           
000009c3  DMA_INT3_IRQHandler           
000009c3  DebugMon_Handler              
000009c3  Default_Handler               
00000969  DisableInterrupts             
000009c3  EUSCIA0_IRQHandler            
000009c3  EUSCIA1_IRQHandler            
000009c3  EUSCIA2_IRQHandler            
000009c3  EUSCIA3_IRQHandler            
000009c3  EUSCIB0_IRQHandler            
000009c3  EUSCIB1_IRQHandler            
000009c3  EUSCIB2_IRQHandler            
000009c3  EUSCIB3_IRQHandler            
0000096f  EnableInterrupts              
0000097f  EndCritical                   
000009c3  FLCTL_IRQHandler              
000009c3  FPU_IRQHandler                
000009c3  HardFault_Handler             
20000018  High                          
20000010  IFlags                        
000005f9  LaunchPad_Init                
00000669  LaunchPad_Input               
00000687  LaunchPad_LED                 
000006a5  LaunchPad_Output              
2000001c  Low                           
20000024  MainCount                     
000009c3  MemManage_Handler             
000009c3  NMI_Handler                   
000009c3  PCM_IRQHandler                
000009c3  PORT1_IRQHandler              
000009c3  PORT2_IRQHandler              
000009c3  PORT3_IRQHandler              
000009c3  PORT4_IRQHandler              
000009c3  PORT5_IRQHandler              
000009c3  PORT6_IRQHandler              
000009c3  PSS_IRQHandler                
000009c3  PendSV_Handler                
2000000c  Postwait                      
20000004  Prewait                       
000009c3  RTC_C_IRQHandler              
000009b7  Reset_Handler                 
000009c3  SVC_Handler                   
00000975  StartCritical                 
000006f1  SysTick_Handler               
000006f1  SysTick_Handler               
00000753  SysTick_Handler2              
000008f5  SysTick_Init                  
20000020  SystemCoreClock               
000000e5  SystemCoreClockUpdate         
0000035d  SystemInit                    
000009c3  T32_INT1_IRQHandler           
000009c3  T32_INT2_IRQHandler           
000009c3  T32_INTC_IRQHandler           
000009c3  TA0_0_IRQHandler              
000009c3  TA0_N_IRQHandler              
000009c3  TA1_0_IRQHandler              
000009c3  TA1_N_IRQHandler              
000009c3  TA2_0_IRQHandler              
000009c3  TA2_N_IRQHandler              
000009c3  TA3_0_IRQHandler              
000009c3  TA3_N_IRQHandler              
20000028  Time                          
000009c3  UsageFault_Handler            
4000480c  WDTCTL_SYM                    
000009c3  WDT_A_IRQHandler              
00000987  WaitForInterrupt              
20010000  __STACK_END                   
00000200  __STACK_SIZE                  
00000a00  __TI_CINIT_Base               
00000a10  __TI_CINIT_Limit              
000009e8  __TI_Handler_Table_Base       
000009f4  __TI_Handler_Table_Limit      
000008b1  __TI_auto_init_nobinit_nopinit
00000849  __TI_decompress_lzss          
000009a9  __TI_decompress_none          
ffffffff  __TI_pprof_out_hndl           
ffffffff  __TI_prof_data_size           
ffffffff  __TI_prof_data_start          
00000000  __TI_static_base__            
0000098d  __TI_zero_init_nomemset       
000007ad  __aeabi_memcpy                
000007ad  __aeabi_memcpy4               
000007ad  __aeabi_memcpy8               
ffffffff  __binit__                     
ffffffff  __c_args__                    
UNDEFED   __mpu_init                    
2000fe00  __stack                       
20000000  __start___llvm_prf_cnts       
20000000  __stop___llvm_prf_cnts        
00000935  _c_int00_noargs               
UNDEFED   _system_post_cinit            
000009c5  _system_pre_init              
000009c9  abort                         
ffffffff  binit                         
00000535  delay                         
00000000  interruptVectors              
0000071b  main                          
000007ad  memcpy                        


GLOBAL SYMBOLS: SORTED BY Symbol Address 

address   name                          
-------   ----                          
00000000  __TI_static_base__            
00000000  interruptVectors              
000000e5  SystemCoreClockUpdate         
00000200  __STACK_SIZE                  
0000035d  SystemInit                    
00000419  Clock_Init48MHz               
0000052f  Clock_GetFreq                 
00000535  delay                         
00000543  Clock_Delay1us                
0000056d  Clock_Delay1ms                
000005f9  LaunchPad_Init                
00000669  LaunchPad_Input               
00000687  LaunchPad_LED                 
000006a5  LaunchPad_Output              
000006f1  SysTick_Handler               
000006f1  SysTick_Handler               
0000071b  main                          
00000753  SysTick_Handler2              
000007ad  __aeabi_memcpy                
000007ad  __aeabi_memcpy4               
000007ad  __aeabi_memcpy8               
000007ad  memcpy                        
00000849  __TI_decompress_lzss          
000008b1  __TI_auto_init_nobinit_nopinit
000008f5  SysTick_Init                  
00000935  _c_int00_noargs               
00000969  DisableInterrupts             
0000096f  EnableInterrupts              
00000975  StartCritical                 
0000097f  EndCritical                   
00000987  WaitForInterrupt              
0000098d  __TI_zero_init_nomemset       
000009a9  __TI_decompress_none          
000009b7  Reset_Handler                 
000009c3  ADC14_IRQHandler              
000009c3  AES256_IRQHandler             
000009c3  BusFault_Handler              
000009c3  COMP_E0_IRQHandler            
000009c3  COMP_E1_IRQHandler            
000009c3  CS_IRQHandler                 
000009c3  DMA_ERR_IRQHandler            
000009c3  DMA_INT0_IRQHandler           
000009c3  DMA_INT1_IRQHandler           
000009c3  DMA_INT2_IRQHandler           
000009c3  DMA_INT3_IRQHandler           
000009c3  DebugMon_Handler              
000009c3  Default_Handler               
000009c3  EUSCIA0_IRQHandler            
000009c3  EUSCIA1_IRQHandler            
000009c3  EUSCIA2_IRQHandler            
000009c3  EUSCIA3_IRQHandler            
000009c3  EUSCIB0_IRQHandler            
000009c3  EUSCIB1_IRQHandler            
000009c3  EUSCIB2_IRQHandler            
000009c3  EUSCIB3_IRQHandler            
000009c3  FLCTL_IRQHandler              
000009c3  FPU_IRQHandler                
000009c3  HardFault_Handler             
000009c3  MemManage_Handler             
000009c3  NMI_Handler                   
000009c3  PCM_IRQHandler                
000009c3  PORT1_IRQHandler              
000009c3  PORT2_IRQHandler              
000009c3  PORT3_IRQHandler              
000009c3  PORT4_IRQHandler              
000009c3  PORT5_IRQHandler              
000009c3  PORT6_IRQHandler              
000009c3  PSS_IRQHandler                
000009c3  PendSV_Handler                
000009c3  RTC_C_IRQHandler              
000009c3  SVC_Handler                   
000009c3  T32_INT1_IRQHandler           
000009c3  T32_INT2_IRQHandler           
000009c3  T32_INTC_IRQHandler           
000009c3  TA0_0_IRQHandler              
000009c3  TA0_N_IRQHandler              
000009c3  TA1_0_IRQHandler              
000009c3  TA1_N_IRQHandler              
000009c3  TA2_0_IRQHandler              
000009c3  TA2_N_IRQHandler              
000009c3  TA3_0_IRQHandler              
000009c3  TA3_N_IRQHandler              
000009c3  UsageFault_Handler            
000009c3  WDT_A_IRQHandler              
000009c5  _system_pre_init              
000009c9  C$$EXIT                       
000009c9  abort                         
000009e8  __TI_Handler_Table_Base       
000009f4  __TI_Handler_Table_Limit      
00000a00  __TI_CINIT_Base               
00000a10  __TI_CINIT_Limit              
20000000  ClockFrequency                
20000000  __start___llvm_prf_cnts       
20000000  __stop___llvm_prf_cnts        
20000004  Prewait                       
20000008  CPMwait                       
2000000c  Postwait                      
20000010  IFlags                        
20000014  Crystalstable                 
20000018  High                          
2000001c  Low                           
20000020  SystemCoreClock               
20000024  MainCount                     
20000028  Time                          
2000fe00  __stack                       
20010000  __STACK_END                   
4000480c  WDTCTL_SYM                    
ffffffff  __TI_pprof_out_hndl           
ffffffff  __TI_prof_data_size           
ffffffff  __TI_prof_data_start          
ffffffff  __binit__                     
ffffffff  __c_args__                    
ffffffff  binit                         
UNDEFED   __mpu_init                    
UNDEFED   _system_post_cinit            

[115 symbols]
