******************************************************************************
                  TI ARM Linker PC v20.2.7                     
******************************************************************************
>> Linked Thu Mar 16 14:22:30 2023

OUTPUT FILE NAME:   <_assignment-8-UART.out>
ENTRY POINT SYMBOL: "_c_int00_noargs"  address: 00001a8d


MEMORY CONFIGURATION

         name            origin    length      used     unused   attr    fill
----------------------  --------  ---------  --------  --------  ----  --------
  MAIN                  00000000   00040000  00001cf2  0003e30e  R  X
  INFO                  00200000   00004000  00000000  00004000  R  X
  SRAM_CODE             01000000   00010000  000009e0  0000f620  RW X
  SRAM_DATA             20000000   00010000  000009e0  0000f620  RW  


SEGMENT ALLOCATION MAP

run origin  load origin   length   init length attrs members
----------  ----------- ---------- ----------- ----- -------
00000000    00000000    00001cf8   00001cf8    r-x
  00000000    00000000    000000e4   000000e4    r-- .intvecs
  000000e4    000000e4    00001b76   00001b76    r-x .text
  00001c60    00001c60    00000098   00000098    r-- .cinit
20000000    20000000    000007e0   00000000    rw-
  20000000    20000000    00000400   00000000    rw- .sysmem
  20000400    20000400    0000020c   00000000    rw- .data
  2000060c    2000060c    000001d4   00000000    rw- .bss
2000fe00    2000fe00    00000200   00000000    rw-
  2000fe00    2000fe00    00000200   00000000    rw- .stack


SECTION ALLOCATION MAP

 output                                  attributes/
section   page    origin      length       input sections
--------  ----  ----------  ----------   ----------------
.intvecs   0    00000000    000000e4     
                  00000000    000000e4     startup_msp432p401r_ccs.obj (.intvecs:retain)

.text      0    000000e4    00001b76     
                  000000e4    000006e0     UART0.obj (.text)
                  000007c4    00000334     system_msp432p401r.obj (.text)
                  00000af8    000001e0     Clock.obj (.text)
                  00000cd8    00000110     rtsv7M4_T_le_v4SPD16_eabi.lib : fopen.c.obj (.text:_openfile)
                  00000de8    00000100                                   : memory.c.obj (.text:aligned_alloc)
                  00000ee8    000000e4                                   : memory.c.obj (.text:free)
                  00000fcc    000000dc                                   : setvbuf.c.obj (.text:setvbuf)
                  000010a8    000000bc                                   : open.c.obj (.text:open)
                  00001164    000000b8                                   : add_device.c.obj (.text:add_device)
                  0000121c    000000b4     UART0_RX_main.obj (.text)
                  000012d0    0000009c     rtsv7M4_T_le_v4SPD16_eabi.lib : fopen.c.obj (.text:fopen)
                  0000136c    0000009c                                   : memcpy_t2.asm.obj (.text)
                  00001408    0000007a                                   : memset_t2.asm.obj (.text)
                  00001482    00000002                                   : _lock.c.obj (.text:_nop)
                  00001484    00000074                                   : fclose.c.obj (.text:__TI_closefile)
                  000014f8    00000070                                   : memory.c.obj (.text:split)
                  00001568    0000006c                                   : hostrename.c.obj (.text:HOSTrename)
                  000015d4    00000068                                   : hostlseek.c.obj (.text:HOSTlseek)
                  0000163c    00000068                                   : copy_decompress_lzss.c.obj (.text:decompress:lzss:__TI_decompress_lzss)
                  000016a4    00000060                                   : hostopen.c.obj (.text:HOSTopen)
                  00001704    0000005c                                   : close.c.obj (.text:close)
                  00001760    00000058                                   : hostread.c.obj (.text:HOSTread)
                  000017b8    00000058                                   : hostwrite.c.obj (.text:HOSTwrite)
                  00001810    0000004c                                   : fflush.c.obj (.text:__TI_doflush)
                  0000185c    00000048                                   : exit.c.obj (.text:exit)
                  000018a4    00000044                                   : hostclose.c.obj (.text:HOSTclose)
                  000018e8    00000044                                   : hostunlink.c.obj (.text:HOSTunlink)
                  0000192c    00000044                                   : autoinit.c.obj (.text:__TI_auto_init_nobinit_nopinit:__TI_auto_init_nobinit_nopinit)
                  00001970    00000044                                   : getdevice.c.obj (.text:getdevice)
                  000019b4    00000038                                   : trgmsg.c.obj (.text:__TI_writemsg)
                  000019ec    00000036                                   : strncpy.c.obj (.text:strncpy)
                  00001a22    00000002     --HOLE-- [fill = 0]
                  00001a24    00000034                                   : fopen.c.obj (.text:__TI_cleanup)
                  00001a58    00000034                                   : trgmsg.c.obj (.text:__TI_readmsg)
                  00001a8c    00000034                                   : boot_cortex_m.c.obj (.text:_c_int00_noargs:_c_int00_noargs)
                  00001ac0    00000034                                   : fopen.c.obj (.text:freopen)
                  00001af4    00000030                                   : getdevice.c.obj (.text:finddevice)
                  00001b24    0000002c                                   : unlink.c.obj (.text:unlink)
                  00001b50    00000028                                   : memory.c.obj (.text:free_list_insert)
                  00001b78    00000028                                   : write.c.obj (.text:write)
                  00001ba0    0000001c                                   : copy_zero_init.c.obj (.text:decompress:ZI:__TI_zero_init_nomemset:__TI_zero_init_nomemset)
                  00001bbc    0000001c                                   : memory.c.obj (.text:free_list_remove)
                  00001bd8    00000018                                   : strcmp.c.obj (.text:strcmp)
                  00001bf0    00000016                                   : strchr.c.obj (.text:strchr)
                  00001c06    00000014                                   : strcpy.c.obj (.text:strcpy)
                  00001c1a    00000014                                   : strlen.c.obj (.text:strlen)
                  00001c2e    0000000e                                   : copy_decompress_none.c.obj (.text:decompress:none:__TI_decompress_none)
                  00001c3c    0000000e     startup_msp432p401r_ccs.obj (.text)
                  00001c4a    00000008     rtsv7M4_T_le_v4SPD16_eabi.lib : memory.c.obj (.text:malloc)
                  00001c52    00000004                                   : pre_init.c.obj (.text:_system_pre_init)
                  00001c56    00000004                                   : exit.c.obj (.text:abort:abort)

.cinit     0    00001c60    00000098     
                  00001c60    00000070     (.cinit..data.load) [load image, compression = lzss]
                  00001cd0    0000000c     (__TI_handler_table)
                  00001cdc    00000004     --HOLE-- [fill = 0]
                  00001ce0    00000008     (.cinit..bss.load) [load image, compression = zero_init]
                  00001ce8    00000010     (__TI_cinit_table)

.init_array 
*          0    00000000    00000000     UNINITIALIZED

.binit     0    00000000    00000000     

.sysmem    0    20000000    00000400     UNINITIALIZED
                  20000000    00000010     rtsv7M4_T_le_v4SPD16_eabi.lib : memory.c.obj (.sysmem)
                  20000010    000003f0     --HOLE--

.data      0    20000400    0000020c     UNINITIALIZED
                  20000400    000000f0     rtsv7M4_T_le_v4SPD16_eabi.lib : defs.c.obj (.data:_ftable)
                  200004f0    00000078                                   : host_device.c.obj (.data:_device)
                  20000568    00000050                                   : host_device.c.obj (.data:_stream)
                  200005b8    00000018     Clock.obj (.data)
                  200005d0    00000010     rtsv7M4_T_le_v4SPD16_eabi.lib : defs.c.obj (.data)
                  200005e0    0000000c                                   : exit.c.obj (.data:$O1$$)
                  200005ec    00000008                                   : _lock.c.obj (.data:$O1$$)
                  200005f4    00000008                                   : memory.c.obj (.data:$O1$$)
                  200005fc    00000004                                   : add_device.c.obj (.data)
                  20000600    00000004                                   : fopen.c.obj (.data)
                  20000604    00000004                                   : open.c.obj (.data)
                  20000608    00000004     system_msp432p401r.obj (.data)

.bss       0    2000060c    000001d4     UNINITIALIZED
                  2000060c    00000120     rtsv7M4_T_le_v4SPD16_eabi.lib : trgmsg.c.obj (.bss:_CIOBUF_)
                  2000072c    000000a0     (.common:__TI_tmpnams)
                  200007cc    00000008     (.common:Messageb)
                  200007d4    00000008     (.common:parmbuf)
                  200007dc    00000004     (.common:Messageindexb)

.stack     0    2000fe00    00000200     UNINITIALIZED
                  2000fe00    00000004     rtsv7M4_T_le_v4SPD16_eabi.lib : boot_cortex_m.c.obj (.stack)
                  2000fe04    000001fc     --HOLE--

__llvm_prf_cnts 
*          0    20000000    00000000     UNINITIALIZED

MODULE SUMMARY

       Module                        code   ro data   rw data
       ------                        ----   -------   -------
    .\
       UART0.obj                     1760   0         24     
       system_msp432p401r.obj        820    0         8      
       Clock.obj                     480    0         48     
       startup_msp432p401r_ccs.obj   14     228       0      
       UART0_RX_main.obj             180    0         0      
    +--+-----------------------------+------+---------+---------+
       Total:                        3254   228       80     
                                                             
    C:\ti\ccs1210\ccs\tools\compiler\ti-cgt-arm_20.2.7.LTS\lib\rtsv7M4_T_le_v4SPD16_eabi.lib
       defs.c.obj                    0      0         832    
       memory.c.obj                  672    0         16     
       trgmsg.c.obj                  108    0         576    
       fopen.c.obj                   532    0         8      
       host_device.c.obj             0      0         400    
       setvbuf.c.obj                 220    0         0      
       open.c.obj                    188    0         8      
       add_device.c.obj              184    0         8      
       memcpy_t2.asm.obj             156    0         0      
       memset_t2.asm.obj             122    0         0      
       fclose.c.obj                  116    0         0      
       getdevice.c.obj               116    0         0      
       hostopen.c.obj                96     0         16     
       hostrename.c.obj              108    0         0      
       copy_decompress_lzss.c.obj    104    0         0      
       hostlseek.c.obj               104    0         0      
       exit.c.obj                    76     0         24     
       close.c.obj                   92     0         0      
       hostread.c.obj                88     0         0      
       hostwrite.c.obj               88     0         0      
       fflush.c.obj                  76     0         0      
       autoinit.c.obj                68     0         0      
       hostclose.c.obj               68     0         0      
       hostunlink.c.obj              68     0         0      
       strncpy.c.obj                 54     0         0      
       boot_cortex_m.c.obj           52     0         0      
       unlink.c.obj                  44     0         0      
       write.c.obj                   40     0         0      
       copy_zero_init.c.obj          28     0         0      
       strcmp.c.obj                  24     0         0      
       strchr.c.obj                  22     0         0      
       strcpy.c.obj                  20     0         0      
       strlen.c.obj                  20     0         0      
       _lock.c.obj                   2      0         16     
       copy_decompress_none.c.obj    14     0         0      
       pre_init.c.obj                4      0         0      
    +--+-----------------------------+------+---------+---------+
       Total:                        3774   0         1904   
                                                             
       Heap:                         0      0         2048   
       Stack:                        0      0         1024   
       Linker Generated:             0      148       0      
    +--+-----------------------------+------+---------+---------+
       Grand Total:                  7028   376       5056   


LINKER GENERATED COPY TABLES

__TI_cinit_table @ 00001ce8 records: 2, size/record: 8, table size: 16
	.data: load addr=00001c60, load size=00000070 bytes, run addr=20000400, run size=0000020c bytes, compression=lzss
	.bss: load addr=00001ce0, load size=00000008 bytes, run addr=2000060c, run size=000001d4 bytes, compression=zero_init


LINKER GENERATED HANDLER TABLE

__TI_handler_table @ 00001cd0 records: 3, size/record: 4, table size: 12
	index: 0, handler: __TI_decompress_lzss
	index: 1, handler: __TI_decompress_none
	index: 2, handler: __TI_zero_init


GLOBAL SYMBOLS: SORTED ALPHABETICALLY BY Name 

address   name                           
-------   ----                           
00001c49  ADC14_IRQHandler               
00001c49  AES256_IRQHandler              
00001c49  BusFault_Handler               
00001c57  C$$EXIT                        
000019e3  C$$IO$$                        
00001c49  COMP_E0_IRQHandler             
00001c49  COMP_E1_IRQHandler             
200005c0  CPMwait                        
00001c49  CS_IRQHandler                  
200005b8  ClockFrequency                 
00000c4d  Clock_Delay1ms                 
00000c23  Clock_Delay1us                 
00000c0f  Clock_GetFreq                  
00000af9  Clock_Init48MHz                
200005cc  Crystalstable                  
00001c49  DMA_ERR_IRQHandler             
00001c49  DMA_INT0_IRQHandler            
00001c49  DMA_INT1_IRQHandler            
00001c49  DMA_INT2_IRQHandler            
00001c49  DMA_INT3_IRQHandler            
00001c49  DebugMon_Handler               
00001c49  Default_Handler                
00001c49  EUSCIA0_IRQHandler             
00001c49  EUSCIA1_IRQHandler             
00001c49  EUSCIA2_IRQHandler             
00001c49  EUSCIA3_IRQHandler             
00001c49  EUSCIB0_IRQHandler             
00001c49  EUSCIB1_IRQHandler             
00001c49  EUSCIB2_IRQHandler             
00001c49  EUSCIB3_IRQHandler             
00001c49  FLCTL_IRQHandler               
00001c49  FPU_IRQHandler                 
000018a5  HOSTclose                      
000015d5  HOSTlseek                      
000016a5  HOSTopen                       
00001761  HOSTread                       
00001569  HOSTrename                     
000018e9  HOSTunlink                     
000017b9  HOSTwrite                      
00001c49  HardFault_Handler              
200005c8  IFlags                         
00001c49  MemManage_Handler              
200007cc  Messageb                       
200007dc  Messageindexb                  
00001c49  NMI_Handler                    
00001c49  PCM_IRQHandler                 
00001c49  PORT1_IRQHandler               
00001c49  PORT2_IRQHandler               
00001c49  PORT3_IRQHandler               
00001c49  PORT4_IRQHandler               
00001c49  PORT5_IRQHandler               
00001c49  PORT6_IRQHandler               
00001c49  PSS_IRQHandler                 
00001c49  PendSV_Handler                 
0000121d  Port2_Init                     
00001251  Port2_Output                   
200005c4  Postwait                       
200005bc  Prewait                        
00001c49  RTC_C_IRQHandler               
00001c3d  Reset_Handler                  
00001c49  SVC_Handler                    
00001c49  SysTick_Handler                
20000608  SystemCoreClock                
000007c5  SystemCoreClockUpdate          
00000a3d  SystemInit                     
00001c49  T32_INT1_IRQHandler            
00001c49  T32_INT2_IRQHandler            
00001c49  T32_INTC_IRQHandler            
00001c49  TA0_0_IRQHandler               
00001c49  TA0_N_IRQHandler               
00001c49  TA1_0_IRQHandler               
00001c49  TA1_N_IRQHandler               
00001c49  TA2_0_IRQHandler               
00001c49  TA2_N_IRQHandler               
00001c49  TA3_0_IRQHandler               
00001c49  TA3_N_IRQHandler               
0000012b  UART0_InChar                   
000005d5  UART0_InString                 
00000175  UART0_InUDec                   
00000489  UART0_InUHex                   
000000e5  UART0_Init                     
00000737  UART0_Initprintf               
0000013b  UART0_OutChar                  
00000229  UART0_OutSDec                  
00000157  UART0_OutString                
000001f9  UART0_OutUDec                  
0000039d  UART0_OutUDec4                 
000003e5  UART0_OutUDec5                 
00000417  UART0_OutUFix1                 
0000043f  UART0_OutUFix2                 
0000054d  UART0_OutUHex                  
000005b9  UART0_OutUHex2                 
00001c49  UsageFault_Handler             
4000480c  WDTCTL_SYM                     
00001c49  WDT_A_IRQHandler               
2000060c  __CIOBUF_                      
20010000  __STACK_END                    
00000200  __STACK_SIZE                   
00000400  __SYSMEM_SIZE                  
00001ce8  __TI_CINIT_Base                
00001cf8  __TI_CINIT_Limit               
00001cd0  __TI_Handler_Table_Base        
00001cdc  __TI_Handler_Table_Limit       
0000192d  __TI_auto_init_nobinit_nopinit 
00001a25  __TI_cleanup                   
200005e0  __TI_cleanup_ptr               
00001485  __TI_closefile                 
0000163d  __TI_decompress_lzss           
00001c2f  __TI_decompress_none           
00001811  __TI_doflush                   
200005e4  __TI_dtors_ptr                 
200005e8  __TI_enable_exit_profile_output
200005d0  __TI_ft_end                    
ffffffff  __TI_pprof_out_hndl            
ffffffff  __TI_prof_data_size            
ffffffff  __TI_prof_data_start           
00001a59  __TI_readmsg                   
00000000  __TI_static_base__             
2000072c  __TI_tmpnams                   
000019b5  __TI_writemsg                  
00001ba1  __TI_zero_init_nomemset        
00001409  __aeabi_memclr                 
00001409  __aeabi_memclr4                
00001409  __aeabi_memclr8                
0000136d  __aeabi_memcpy                 
0000136d  __aeabi_memcpy4                
0000136d  __aeabi_memcpy8                
0000140b  __aeabi_memset                 
0000140b  __aeabi_memset4                
0000140b  __aeabi_memset8                
200005dc  __aeabi_stderr                 
200005d4  __aeabi_stdin                  
200005d8  __aeabi_stdout                 
ffffffff  __binit__                      
ffffffff  __c_args__                     
UNDEFED   __mpu_init                     
2000fe00  __stack                        
20000000  __start___llvm_prf_cnts        
20000000  __stop___llvm_prf_cnts         
00001a8d  _c_int00_noargs                
200004f0  _device                        
20000400  _ftable                        
200005ec  _lock                          
00001483  _nop                           
20000568  _stream                        
20000000  _sys_memory                    
UNDEFED   _system_post_cinit             
00001c53  _system_pre_init               
200005f0  _unlock                        
00001c57  abort                          
00001165  add_device                     
00000de9  aligned_alloc                  
ffffffff  binit                          
00001705  close                          
00000c15  delay                          
0000185d  exit                           
00000669  ferror                         
0000064f  fgetc                          
00001af5  finddevice                     
000012d1  fopen                          
00000ee9  free                           
00001ac1  freopen                        
00001971  getdevice                      
00000000  interruptVectors               
0000126f  main                           
00001c4b  malloc                         
00000de9  memalign                       
0000136d  memcpy                         
00001411  memset                         
000010a9  open                           
00000591  outnibble                      
200007d4  parmbuf                        
00001b25  remove                         
00000fcd  setvbuf                        
00001bf1  strchr                         
00001bd9  strcmp                         
00001c07  strcpy                         
00001c1b  strlen                         
000019ed  strncpy                        
0000068f  uart_close                     
0000070d  uart_lseek                     
0000067f  uart_open                      
0000069b  uart_read                      
00000729  uart_rename                    
0000071d  uart_unlink                    
000006cb  uart_write                     
00001b25  unlink                         
00001b79  write                          


GLOBAL SYMBOLS: SORTED BY Symbol Address 

address   name                           
-------   ----                           
00000000  __TI_static_base__             
00000000  interruptVectors               
000000e5  UART0_Init                     
0000012b  UART0_InChar                   
0000013b  UART0_OutChar                  
00000157  UART0_OutString                
00000175  UART0_InUDec                   
000001f9  UART0_OutUDec                  
00000200  __STACK_SIZE                   
00000229  UART0_OutSDec                  
0000039d  UART0_OutUDec4                 
000003e5  UART0_OutUDec5                 
00000400  __SYSMEM_SIZE                  
00000417  UART0_OutUFix1                 
0000043f  UART0_OutUFix2                 
00000489  UART0_InUHex                   
0000054d  UART0_OutUHex                  
00000591  outnibble                      
000005b9  UART0_OutUHex2                 
000005d5  UART0_InString                 
0000064f  fgetc                          
00000669  ferror                         
0000067f  uart_open                      
0000068f  uart_close                     
0000069b  uart_read                      
000006cb  uart_write                     
0000070d  uart_lseek                     
0000071d  uart_unlink                    
00000729  uart_rename                    
00000737  UART0_Initprintf               
000007c5  SystemCoreClockUpdate          
00000a3d  SystemInit                     
00000af9  Clock_Init48MHz                
00000c0f  Clock_GetFreq                  
00000c15  delay                          
00000c23  Clock_Delay1us                 
00000c4d  Clock_Delay1ms                 
00000de9  aligned_alloc                  
00000de9  memalign                       
00000ee9  free                           
00000fcd  setvbuf                        
000010a9  open                           
00001165  add_device                     
0000121d  Port2_Init                     
00001251  Port2_Output                   
0000126f  main                           
000012d1  fopen                          
0000136d  __aeabi_memcpy                 
0000136d  __aeabi_memcpy4                
0000136d  __aeabi_memcpy8                
0000136d  memcpy                         
00001409  __aeabi_memclr                 
00001409  __aeabi_memclr4                
00001409  __aeabi_memclr8                
0000140b  __aeabi_memset                 
0000140b  __aeabi_memset4                
0000140b  __aeabi_memset8                
00001411  memset                         
00001483  _nop                           
00001485  __TI_closefile                 
00001569  HOSTrename                     
000015d5  HOSTlseek                      
0000163d  __TI_decompress_lzss           
000016a5  HOSTopen                       
00001705  close                          
00001761  HOSTread                       
000017b9  HOSTwrite                      
00001811  __TI_doflush                   
0000185d  exit                           
000018a5  HOSTclose                      
000018e9  HOSTunlink                     
0000192d  __TI_auto_init_nobinit_nopinit 
00001971  getdevice                      
000019b5  __TI_writemsg                  
000019e3  C$$IO$$                        
000019ed  strncpy                        
00001a25  __TI_cleanup                   
00001a59  __TI_readmsg                   
00001a8d  _c_int00_noargs                
00001ac1  freopen                        
00001af5  finddevice                     
00001b25  remove                         
00001b25  unlink                         
00001b79  write                          
00001ba1  __TI_zero_init_nomemset        
00001bd9  strcmp                         
00001bf1  strchr                         
00001c07  strcpy                         
00001c1b  strlen                         
00001c2f  __TI_decompress_none           
00001c3d  Reset_Handler                  
00001c49  ADC14_IRQHandler               
00001c49  AES256_IRQHandler              
00001c49  BusFault_Handler               
00001c49  COMP_E0_IRQHandler             
00001c49  COMP_E1_IRQHandler             
00001c49  CS_IRQHandler                  
00001c49  DMA_ERR_IRQHandler             
00001c49  DMA_INT0_IRQHandler            
00001c49  DMA_INT1_IRQHandler            
00001c49  DMA_INT2_IRQHandler            
00001c49  DMA_INT3_IRQHandler            
00001c49  DebugMon_Handler               
00001c49  Default_Handler                
00001c49  EUSCIA0_IRQHandler             
00001c49  EUSCIA1_IRQHandler             
00001c49  EUSCIA2_IRQHandler             
00001c49  EUSCIA3_IRQHandler             
00001c49  EUSCIB0_IRQHandler             
00001c49  EUSCIB1_IRQHandler             
00001c49  EUSCIB2_IRQHandler             
00001c49  EUSCIB3_IRQHandler             
00001c49  FLCTL_IRQHandler               
00001c49  FPU_IRQHandler                 
00001c49  HardFault_Handler              
00001c49  MemManage_Handler              
00001c49  NMI_Handler                    
00001c49  PCM_IRQHandler                 
00001c49  PORT1_IRQHandler               
00001c49  PORT2_IRQHandler               
00001c49  PORT3_IRQHandler               
00001c49  PORT4_IRQHandler               
00001c49  PORT5_IRQHandler               
00001c49  PORT6_IRQHandler               
00001c49  PSS_IRQHandler                 
00001c49  PendSV_Handler                 
00001c49  RTC_C_IRQHandler               
00001c49  SVC_Handler                    
00001c49  SysTick_Handler                
00001c49  T32_INT1_IRQHandler            
00001c49  T32_INT2_IRQHandler            
00001c49  T32_INTC_IRQHandler            
00001c49  TA0_0_IRQHandler               
00001c49  TA0_N_IRQHandler               
00001c49  TA1_0_IRQHandler               
00001c49  TA1_N_IRQHandler               
00001c49  TA2_0_IRQHandler               
00001c49  TA2_N_IRQHandler               
00001c49  TA3_0_IRQHandler               
00001c49  TA3_N_IRQHandler               
00001c49  UsageFault_Handler             
00001c49  WDT_A_IRQHandler               
00001c4b  malloc                         
00001c53  _system_pre_init               
00001c57  C$$EXIT                        
00001c57  abort                          
00001cd0  __TI_Handler_Table_Base        
00001cdc  __TI_Handler_Table_Limit       
00001ce8  __TI_CINIT_Base                
00001cf8  __TI_CINIT_Limit               
20000000  __start___llvm_prf_cnts        
20000000  __stop___llvm_prf_cnts         
20000000  _sys_memory                    
20000400  _ftable                        
200004f0  _device                        
20000568  _stream                        
200005b8  ClockFrequency                 
200005bc  Prewait                        
200005c0  CPMwait                        
200005c4  Postwait                       
200005c8  IFlags                         
200005cc  Crystalstable                  
200005d0  __TI_ft_end                    
200005d4  __aeabi_stdin                  
200005d8  __aeabi_stdout                 
200005dc  __aeabi_stderr                 
200005e0  __TI_cleanup_ptr               
200005e4  __TI_dtors_ptr                 
200005e8  __TI_enable_exit_profile_output
200005ec  _lock                          
200005f0  _unlock                        
20000608  SystemCoreClock                
2000060c  __CIOBUF_                      
2000072c  __TI_tmpnams                   
200007cc  Messageb                       
200007d4  parmbuf                        
200007dc  Messageindexb                  
2000fe00  __stack                        
20010000  __STACK_END                    
4000480c  WDTCTL_SYM                     
ffffffff  __TI_pprof_out_hndl            
ffffffff  __TI_prof_data_size            
ffffffff  __TI_prof_data_start           
ffffffff  __binit__                      
ffffffff  __c_args__                     
ffffffff  binit                          
UNDEFED   __mpu_init                     
UNDEFED   _system_post_cinit             

[188 symbols]
